// Jest Snapshot v1, https://goo.gl/fbAQLP

exports[`Text matches snapshot 1`] = `
<DocumentFragment>
  .c0.c0 {
  color: text;
  font-size: 1px;
}

<div
    class="c0"
  >
    Hello World
  </div>
</DocumentFragment>
`;
